---
source: src/tests/window_opening.rs
description: "want fullscreen: AU\nwant maximized: BU\nconfig:\nwindow-rule {\n    open-fullscreen false\n    open-maximized-to-edges true\n}"
expression: snapshot
---
initial configure:
size: 1280 × 720, bounds: 1280 × 720, states: [Maximized]

post-map configures:
size: 1280 × 720, bounds: 1280 × 720, states: [Maximized]
size: 1280 × 720, bounds: 1280 × 720, states: [Maximized, Activated]

unmaximize configure:
size: 1280 × 720, bounds: 1280 × 720, states: [Activated]
