---
source: src/tests/window_opening.rs
description: "want fullscreen: AN\nconfig:\nwindow-rule {\n    open-fullscreen false\n    default-column-width {  }\n    border { on; }\n}"
expression: snapshot
---
initial configure:
size: 1272 × 712, bounds: 1272 × 712, states: []

post-map configures:
size: 1280 × 720, bounds: 1272 × 712, states: [Fullscreen]
size: 1280 × 720, bounds: 1272 × 712, states: [Fullscreen, Activated]

unfullscreen configure:
size: 1272 × 712, bounds: 1272 × 712, states: [Activated]
