---
source: src/tests/window_opening.rs
description: "want maximized: A\nconfig:\nwindow-rule {\n    open-fullscreen false\n}"
expression: snapshot
---
initial configure:
size: 1280 × 720, bounds: 1280 × 720, states: []

post-map configures:
size: 1280 × 720, bounds: 1280 × 720, states: [Maximized]
size: 1280 × 720, bounds: 1280 × 720, states: [Maximized, Activated]

unmaximize configure:
size: 1280 × 720, bounds: 1280 × 720, states: [Activated]
