---
source: src/tests/window_opening.rs
description: "want fullscreen: BN\nwant maximized: BU\nconfig:\nwindow-rule {\n    open-fullscreen false\n}"
expression: snapshot
---
initial configure:
size: 1280 × 720, bounds: 1280 × 720, states: []

post-map configures:
size: 1280 × 720, bounds: 1280 × 720, states: [Activated]
